IR Statistics:
================

Functions:       1
Basic Blocks:    1
Instructions:    28
Temporaries:     21
Phi Nodes:       0
Def-Use Chains:  21

Instruction breakdown:
  MOVE        : 5
  ADD         : 2
  RETURN      : 1
  ALLOCA      : 6
  STORE       : 6
  LOAD        : 8

function main: int ()
  ; Locals:
  ;   a: int (offset 8, size 4)
  ;   b: int (offset 16, size 4)
  ;   c: int (offset 24, size 4)
  ;   d: int (offset 32, size 4)
  ;   e: int (offset 40, size 4)
  ;   x: int (offset 0, size 4)

entry:
  %t1 = ALLOCA 4  ; var x: int
  STORE [%t1], 10
  %t2 = ALLOCA 4  ; var a: int
  %t3 = LOAD [%t1]
  %t4 = MOVE %t3
  STORE [%t2], %t4
  %t5 = ALLOCA 4  ; var b: int
  %t6 = LOAD [%t1]
  %t7 = MOVE %t6
  STORE [%t5], %t7
  %t8 = ALLOCA 4  ; var c: int
  %t9 = LOAD [%t1]
  %t10 = MOVE %t9
  STORE [%t8], %t10
  %t11 = ALLOCA 4  ; var d: int
  %t12 = LOAD [%t1]
  %t13 = MOVE 0
  STORE [%t11], %t13
  %t14 = ALLOCA 4  ; var e: int
  %t15 = LOAD [%t1]
  %t16 = MOVE %t15
  STORE [%t14], %t16
  %t17 = LOAD [%t2]
  %t18 = LOAD [%t5]
  %t19 = ADD %t17, %t18
  %t20 = LOAD [%t8]
  %t21 = ADD %t19, %t20
  RETURN %t21
