IR Statistics:
================

Functions:       1
Basic Blocks:    1
Instructions:    18
Temporaries:     13
Phi Nodes:       0
Def-Use Chains:  13

Instruction breakdown:
  STORE       : 4
  RETURN      : 1
  ALLOCA      : 4
  MOVE        : 9

function main: int ()
  ; Locals:
  ;   a: int (offset 0, size 4)
  ;   b: int (offset 8, size 4)
  ;   c: int (offset 16, size 4)
  ;   d: int (offset 24, size 4)

entry:
  %t1 = ALLOCA 4  ; var a: int
  %t2 = MOVE 30  ; folded add
  STORE [%t1], 30
  %t3 = ALLOCA 4  ; var b: int
  %t4 = MOVE 20  ; folded mul
  STORE [%t3], 20
  %t5 = ALLOCA 4  ; var c: int
  %t6 = MOVE 20  ; folded div
  STORE [%t5], 20
  %t7 = ALLOCA 4  ; var d: int
  %t8 = MOVE 30  ; propagated constant
  %t9 = MOVE 20  ; propagated constant
  %t10 = MOVE 50  ; folded add
  %t11 = MOVE 20  ; propagated constant
  %t12 = MOVE 70  ; folded add
  STORE [%t7], 70
  %t13 = MOVE 70  ; propagated constant
  RETURN 70
