IR Statistics:
================

Functions:       1
Basic Blocks:    1
Instructions:    28
Temporaries:     21
Phi Nodes:       0
Def-Use Chains:  21

Instruction breakdown:
  ALLOCA      : 6
  STORE       : 6
  MOVE        : 15
  RETURN      : 1

function main: int ()
  ; Locals:
  ;   a: int (offset 8, size 4)
  ;   b: int (offset 16, size 4)
  ;   c: int (offset 24, size 4)
  ;   d: int (offset 32, size 4)
  ;   e: int (offset 40, size 4)
  ;   x: int (offset 0, size 4)

entry:
  %t1 = ALLOCA 4  ; var x: int
  STORE [%t1], 10
  %t2 = ALLOCA 4  ; var a: int
  %t3 = MOVE 10  ; propagated constant
  %t4 = MOVE 10  ; x+0→x
  STORE [%t2], 10
  %t5 = ALLOCA 4  ; var b: int
  %t6 = MOVE 10  ; propagated constant
  %t7 = MOVE 10  ; x*1→x
  STORE [%t5], 10
  %t8 = ALLOCA 4  ; var c: int
  %t9 = MOVE 10  ; propagated constant
  %t10 = MOVE 10  ; x-0→x
  STORE [%t8], 10
  %t11 = ALLOCA 4  ; var d: int
  %t12 = MOVE 10  ; propagated constant
  %t13 = MOVE 0  ; x*0→0
  STORE [%t11], 0
  %t14 = ALLOCA 4  ; var e: int
  %t15 = MOVE 10  ; propagated constant
  %t16 = MOVE 10  ; 0+x→x
  STORE [%t14], 10
  %t17 = MOVE 10  ; propagated constant
  %t18 = MOVE 10  ; propagated constant
  %t19 = MOVE 20  ; folded add
  %t20 = MOVE 10  ; propagated constant
  %t21 = MOVE 30  ; folded add
  RETURN 30
