1:1 PLUS "+"
1:3 MINUS "-"
1:5 MULTIPLY "*"
1:7 DIVIDE "/"
1:9 MODULO "%"
1:11 ASSIGN "="
1:13 EQ "=="
1:16 NOT_EQ "!="
1:19 LT "<"
1:21 LT_EQ "<="
1:24 GT ">"
1:26 GT_EQ ">="
1:29 AND "&&"
1:32 OR "||"
1:35 LPAREN "("
1:37 RPAREN ")"
1:39 LBRACE "{"
1:41 RBRACE "}"
1:43 LBRACKET "["
1:45 RBRACKET "]"
1:47 SEMICOLON ";"
1:49 COMMA ","
1:51 DOT "."
1:1 END_OF_FILE ""