1:1 KW_INT "int"
1:5 IDENTIFIER "x"
1:7 ASSIGN "="
1:9 INT_LITERAL "42" 42
1:11 SEMICOLON ";"
2:1 ILLEGAL "Error at 2:1: invalid character '@'"
3:1 ILLEGAL "Error at 3:1: invalid character '$'"
4:1 ILLEGAL "Error at 4:1: invalid character '#'"
5:1 ILLEGAL "Error at 5:1: invalid character '`'"
6:1 KW_INT "int"
6:5 IDENTIFIER "y"
6:7 ASSIGN "="
6:9 INT_LITERAL "100" 100
6:12 SEMICOLON ";"
6:1 END_OF_FILE ""