Ошибки парсинга:
  ожидалось имя параметра, получен KW_INT
  ожидался токен RPAREN, получен KW_INT (строка 21, колонка 12)
  ожидалось имя, получен RPAREN
  неожиданный токен в объявлении: KW_IF
  неожиданный токен в объявлении: KW_RETURN
  неожиданный токен в объявлении: RBRACE
  неожиданный токен в объявлении: KW_RETURN
  неожиданный токен в объявлении: RBRACE
