Ошибки парсинга:
  ожидалось имя параметра, получен KW_INT
  ожидался токен RPAREN, получен KW_INT (строка 5, колонка 10)
  ожидалось имя, получен COMMA
  неожиданный токен в объявлении: KW_RETURN
  неожиданный токен в объявлении: RBRACE
  ожидалось имя параметра, получен KW_INT
  ожидался токен RPAREN, получен KW_INT (строка 9, колонка 10)
  ожидалось имя, получен COMMA
  неожиданный токен в объявлении: KW_RETURN
  неожиданный токен в объявлении: RBRACE
